Archive member included to satisfy reference by file (symbol)

c:/ac6/systemworkbench/plugins/fr.ac6.mcu.externaltools.arm-none.win32_1.13.3.201707031232/tools/compiler/bin/../lib/gcc/arm-none-eabi/5.4.1/../../../../arm-none-eabi/lib/armv7e-m/fpu/fpv5-sp-d16\libstdc++_nano.a(atexit_arm.o)
                              Src/main.o (__aeabi_atexit)
c:/ac6/systemworkbench/plugins/fr.ac6.mcu.externaltools.arm-none.win32_1.13.3.201707031232/tools/compiler/bin/../lib/gcc/arm-none-eabi/5.4.1/../../../../arm-none-eabi/lib/armv7e-m/fpu/fpv5-sp-d16\libstdc++_nano.a(del_op.o)
                              Src/PID.o (operator delete(void*))
c:/ac6/systemworkbench/plugins/fr.ac6.mcu.externaltools.arm-none.win32_1.13.3.201707031232/tools/compiler/bin/../lib/gcc/arm-none-eabi/5.4.1/armv7e-m/fpu/fpv5-sp-d16\libgcc.a(_arm_addsubdf3.o)
                              Src/Wheel.o (__aeabi_f2d)
c:/ac6/systemworkbench/plugins/fr.ac6.mcu.externaltools.arm-none.win32_1.13.3.201707031232/tools/compiler/bin/../lib/gcc/arm-none-eabi/5.4.1/armv7e-m/fpu/fpv5-sp-d16\libgcc.a(_arm_muldivdf3.o)
                              Src/Wheel.o (__aeabi_ddiv)
c:/ac6/systemworkbench/plugins/fr.ac6.mcu.externaltools.arm-none.win32_1.13.3.201707031232/tools/compiler/bin/../lib/gcc/arm-none-eabi/5.4.1/armv7e-m/fpu/fpv5-sp-d16\libgcc.a(_arm_truncdfsf2.o)
                              Src/Wheel.o (__aeabi_d2f)
c:/ac6/systemworkbench/plugins/fr.ac6.mcu.externaltools.arm-none.win32_1.13.3.201707031232/tools/compiler/bin/../lib/gcc/arm-none-eabi/5.4.1/../../../../arm-none-eabi/lib/armv7e-m/fpu/fpv5-sp-d16\libc_nano.a(lib_a-cxa_atexit.o)
                              c:/ac6/systemworkbench/plugins/fr.ac6.mcu.externaltools.arm-none.win32_1.13.3.201707031232/tools/compiler/bin/../lib/gcc/arm-none-eabi/5.4.1/../../../../arm-none-eabi/lib/armv7e-m/fpu/fpv5-sp-d16\libstdc++_nano.a(atexit_arm.o) (__cxa_atexit)
c:/ac6/systemworkbench/plugins/fr.ac6.mcu.externaltools.arm-none.win32_1.13.3.201707031232/tools/compiler/bin/../lib/gcc/arm-none-eabi/5.4.1/../../../../arm-none-eabi/lib/armv7e-m/fpu/fpv5-sp-d16\libc_nano.a(lib_a-exit.o)
                              c:/ac6/systemworkbench/plugins/fr.ac6.mcu.externaltools.arm-none.win32_1.13.3.201707031232/tools/compiler/bin/../lib/gcc/arm-none-eabi/5.4.1/../../../../arm-none-eabi/lib/armv7e-m/fpu/fpv5-sp-d16/crt0.o (exit)
c:/ac6/systemworkbench/plugins/fr.ac6.mcu.externaltools.arm-none.win32_1.13.3.201707031232/tools/compiler/bin/../lib/gcc/arm-none-eabi/5.4.1/../../../../arm-none-eabi/lib/armv7e-m/fpu/fpv5-sp-d16\libc_nano.a(lib_a-impure.o)
                              c:/ac6/systemworkbench/plugins/fr.ac6.mcu.externaltools.arm-none.win32_1.13.3.201707031232/tools/compiler/bin/../lib/gcc/arm-none-eabi/5.4.1/../../../../arm-none-eabi/lib/armv7e-m/fpu/fpv5-sp-d16\libc_nano.a(lib_a-exit.o) (_global_impure_ptr)
c:/ac6/systemworkbench/plugins/fr.ac6.mcu.externaltools.arm-none.win32_1.13.3.201707031232/tools/compiler/bin/../lib/gcc/arm-none-eabi/5.4.1/../../../../arm-none-eabi/lib/armv7e-m/fpu/fpv5-sp-d16\libc_nano.a(lib_a-init.o)
                              c:/ac6/systemworkbench/plugins/fr.ac6.mcu.externaltools.arm-none.win32_1.13.3.201707031232/tools/compiler/bin/../lib/gcc/arm-none-eabi/5.4.1/../../../../arm-none-eabi/lib/armv7e-m/fpu/fpv5-sp-d16/crt0.o (__libc_init_array)
c:/ac6/systemworkbench/plugins/fr.ac6.mcu.externaltools.arm-none.win32_1.13.3.201707031232/tools/compiler/bin/../lib/gcc/arm-none-eabi/5.4.1/../../../../arm-none-eabi/lib/armv7e-m/fpu/fpv5-sp-d16\libc_nano.a(lib_a-malloc.o)
                              c:/ac6/systemworkbench/plugins/fr.ac6.mcu.externaltools.arm-none.win32_1.13.3.201707031232/tools/compiler/bin/../lib/gcc/arm-none-eabi/5.4.1/../../../../arm-none-eabi/lib/armv7e-m/fpu/fpv5-sp-d16\libstdc++_nano.a(del_op.o) (free)
c:/ac6/systemworkbench/plugins/fr.ac6.mcu.externaltools.arm-none.win32_1.13.3.201707031232/tools/compiler/bin/../lib/gcc/arm-none-eabi/5.4.1/../../../../arm-none-eabi/lib/armv7e-m/fpu/fpv5-sp-d16\libc_nano.a(lib_a-memset.o)
                              c:/ac6/systemworkbench/plugins/fr.ac6.mcu.externaltools.arm-none.win32_1.13.3.201707031232/tools/compiler/bin/../lib/gcc/arm-none-eabi/5.4.1/../../../../arm-none-eabi/lib/armv7e-m/fpu/fpv5-sp-d16/crt0.o (memset)
c:/ac6/systemworkbench/plugins/fr.ac6.mcu.externaltools.arm-none.win32_1.13.3.201707031232/tools/compiler/bin/../lib/gcc/arm-none-eabi/5.4.1/../../../../arm-none-eabi/lib/armv7e-m/fpu/fpv5-sp-d16\libc_nano.a(lib_a-nano-freer.o)
                              c:/ac6/systemworkbench/plugins/fr.ac6.mcu.externaltools.arm-none.win32_1.13.3.201707031232/tools/compiler/bin/../lib/gcc/arm-none-eabi/5.4.1/../../../../arm-none-eabi/lib/armv7e-m/fpu/fpv5-sp-d16\libc_nano.a(lib_a-malloc.o) (_free_r)
c:/ac6/systemworkbench/plugins/fr.ac6.mcu.externaltools.arm-none.win32_1.13.3.201707031232/tools/compiler/bin/../lib/gcc/arm-none-eabi/5.4.1/../../../../arm-none-eabi/lib/armv7e-m/fpu/fpv5-sp-d16\libc_nano.a(lib_a-nano-mallocr.o)
[...]
Memory Configuration

Name             Origin             Length             Attributes
RAM              0x20000000         0x00050000         xrw
FLASH            0x08000000         0x00100000         xr
*default*        0x00000000         0xffffffff

Linker script and memory map

LOAD c:/ac6/systemworkbench/plugins/fr.ac6.mcu.externaltools.arm-none.win32_1.13.3.201707031232/tools/compiler/bin/../lib/gcc/arm-none-eabi/5.4.1/armv7e-m/fpu/fpv5-sp-d16/crti.o
LOAD c:/ac6/systemworkbench/plugins/fr.ac6.mcu.externaltools.arm-none.win32_1.13.3.201707031232/tools/compiler/bin/../lib/gcc/arm-none-eabi/5.4.1/armv7e-m/fpu/fpv5-sp-d16/crtbegin.o
LOAD c:/ac6/systemworkbench/plugins/fr.ac6.mcu.externaltools.arm-none.win32_1.13.3.201707031232/tools/compiler/bin/../lib/gcc/arm-none-eabi/5.4.1/../../../../arm-none-eabi/lib/armv7e-m/fpu/fpv5-sp-d16/crt0.o
LOAD Drivers/STM32F7xx_HAL_Driver/Src/stm32f7xx_hal.o
LOAD Drivers/STM32F7xx_HAL_Driver/Src/stm32f7xx_hal_cortex.o
LOAD Drivers/STM32F7xx_HAL_Driver/Src/stm32f7xx_hal_dma.o
LOAD Drivers/STM32F7xx_HAL_Driver/Src/stm32f7xx_hal_dma_ex.o
LOAD Drivers/STM32F7xx_HAL_Driver/Src/stm32f7xx_hal_flash.o
LOAD Drivers/STM32F7xx_HAL_Driver/Src/stm32f7xx_hal_flash_ex.o
LOAD Drivers/STM32F7xx_HAL_Driver/Src/stm32f7xx_hal_gpio.o
LOAD Drivers/STM32F7xx_HAL_Driver/Src/stm32f7xx_hal_i2c.o
LOAD Drivers/STM32F7xx_HAL_Driver/Src/stm32f7xx_hal_i2c_ex.o
LOAD Drivers/STM32F7xx_HAL_Driver/Src/stm32f7xx_hal_pwr.o
LOAD Drivers/STM32F7xx_HAL_Driver/Src/stm32f7xx_hal_pwr_ex.o
LOAD Drivers/STM32F7xx_HAL_Driver/Src/stm32f7xx_hal_rcc.o
LOAD Drivers/STM32F7xx_HAL_Driver/Src/stm32f7xx_hal_rcc_ex.o
LOAD Drivers/STM32F7xx_HAL_Driver/Src/stm32f7xx_hal_tim.o
LOAD Drivers/STM32F7xx_HAL_Driver/Src/stm32f7xx_hal_tim_ex.o
LOAD Drivers/STM32F7xx_HAL_Driver/Src/stm32f7xx_hal_uart.o
LOAD Src/PID.o
LOAD Src/Wheel.o
LOAD Src/WheelSide.o
LOAD Src/main.o
LOAD Src/stm32f7xx_hal_msp.o
LOAD Src/stm32f7xx_it.o
LOAD Src/system_stm32f7xx.o
LOAD startup/startup_stm32f746xx.o
LOAD c:/ac6/systemworkbench/plugins/fr.ac6.mcu.externaltools.arm-none.win32_1.13.3.201707031232/tools/compiler/bin/../lib/gcc/arm-none-eabi/5.4.1/../../../../arm-none-eabi/lib/armv7e-m/fpu/fpv5-sp-d16\libstdc++_nano.a
LOAD c:/ac6/systemworkbench/plugins/fr.ac6.mcu.externaltools.arm-none.win32_1.13.3.201707031232/tools/compiler/bin/../lib/gcc/arm-none-eabi/5.4.1/../../../../arm-none-eabi/lib/armv7e-m/fpu/fpv5-sp-d16\libm.a
START GROUP
LOAD c:/ac6/systemworkbench/plugins/fr.ac6.mcu.externaltools.arm-none.win32_1.13.3.201707031232/tools/compiler/bin/../lib/gcc/arm-none-eabi/5.4.1/armv7e-m/fpu/fpv5-sp-d16\libgcc.a
LOAD c:/ac6/systemworkbench/plugins/fr.ac6.mcu.externaltools.arm-none.win32_1.13.3.201707031232/tools/compiler/bin/../lib/gcc/arm-none-eabi/5.4.1/../../../../arm-none-eabi/lib/armv7e-m/fpu/fpv5-sp-d16\libc_nano.a
END GROUP
START GROUP
LOAD c:/ac6/systemworkbench/plugins/fr.ac6.mcu.externaltools.arm-none.win32_1.13.3.201707031232/tools/compiler/bin/../lib/gcc/arm-none-eabi/5.4.1/armv7e-m/fpu/fpv5-sp-d16\libgcc.a
LOAD c:/ac6/systemworkbench/plugins/fr.ac6.mcu.externaltools.arm-none.win32_1.13.3.201707031232/tools/compiler/bin/../lib/gcc/arm-none-eabi/5.4.1/../../../../arm-none-eabi/lib/armv7e-m/fpu/fpv5-sp-d16\libc_nano.a
LOAD c:/ac6/systemworkbench/plugins/fr.ac6.mcu.externaltools.arm-none.win32_1.13.3.201707031232/tools/compiler/bin/../lib/gcc/arm-none-eabi/5.4.1/../../../../arm-none-eabi/lib/armv7e-m/fpu/fpv5-sp-d16\libnosys.a
END GROUP
START GROUP
LOAD c:/ac6/systemworkbench/plugins/fr.ac6.mcu.externaltools.arm-none.win32_1.13.3.201707031232/tools/compiler/bin/../lib/gcc/arm-none-eabi/5.4.1/armv7e-m/fpu/fpv5-sp-d16\libgcc.a
LOAD c:/ac6/systemworkbench/plugins/fr.ac6.mcu.externaltools.arm-none.win32_1.13.3.201707031232/tools/compiler/bin/../lib/gcc/arm-none-eabi/5.4.1/../../../../arm-none-eabi/lib/armv7e-m/fpu/fpv5-sp-d16\libc_nano.a
LOAD c:/ac6/systemworkbench/plugins/fr.ac6.mcu.externaltools.arm-none.win32_1.13.3.201707031232/tools/compiler/bin/../lib/gcc/arm-none-eabi/5.4.1/../../../../arm-none-eabi/lib/armv7e-m/fpu/fpv5-sp-d16\libnosys.a
END GROUP
LOAD c:/ac6/systemworkbench/plugins/fr.ac6.mcu.externaltools.arm-none.win32_1.13.3.201707031232/tools/compiler/bin/../lib/gcc/arm-none-eabi/5.4.1/armv7e-m/fpu/fpv5-sp-d16/crtend.o
LOAD c:/ac6/systemworkbench/plugins/fr.ac6.mcu.externaltools.arm-none.win32_1.13.3.201707031232/tools/compiler/bin/../lib/gcc/arm-none-eabi/5.4.1/armv7e-m/fpu/fpv5-sp-d16/crtn.o
                0x20050000                _estack = 0x20050000
                0x00000200                _Min_Heap_Size = 0x200
                0x00000400                _Min_Stack_Size = 0x400

.isr_vector     0x08000000      0x1c8
                0x08000000                . = ALIGN (0x4)
 *(.isr_vector)
 .isr_vector    0x08000000      0x1c8 startup/startup_stm32f746xx.o
                0x08000000                g_pfnVectors
                0x080001c8                . = ALIGN (0x4)

.text           0x080001c8     0x2b88
                0x080001c8                . = ALIGN (0x4)
 *(.text)
 .text          0x080001c8       0x5c c:/ac6/systemworkbench/plugins/fr.ac6.mcu.externaltools.arm-none.win32_1.13.3.201707031232/tools/compiler/bin/../lib/gcc/arm-none-eabi/5.4.1/armv7e-m/fpu/fpv5-sp-d16/crtbegin.o
 *(.text*)
 .text.HAL_InitTick
                0x08000224       0x2c Drivers/STM32F7xx_HAL_Driver/Src/stm32f7xx_hal.o
                0x08000224                HAL_InitTick
 .text.HAL_Init
                0x08000250       0x18 Drivers/STM32F7xx_HAL_Driver/Src/stm32f7xx_hal.o
                0x08000250                HAL_Init
 .text.HAL_IncTick
                0x08000268       0x10 Drivers/STM32F7xx_HAL_Driver/Src/stm32f7xx_hal.o
                0x08000268                HAL_IncTick
 .text.HAL_GetTick
                0x08000278        0xc Drivers/STM32F7xx_HAL_Driver/Src/stm32f7xx_hal.o
                0x08000278                HAL_GetTick
 .text.HAL_NVIC_SetPriorityGrouping
                0x08000284       0x24 Drivers/STM32F7xx_HAL_Driver/Src/stm32f7xx_hal_cortex.o
                0x08000284                HAL_NVIC_SetPriorityGrouping
 .text.HAL_NVIC_SetPriority
                0x080002a8       0x60 Drivers/STM32F7xx_HAL_Driver/Src/stm32f7xx_hal_cortex.o
                0x080002a8                HAL_NVIC_SetPriority
 .text.HAL_NVIC_EnableIRQ
                0x08000308       0x18 Drivers/STM32F7xx_HAL_Driver/Src/stm32f7xx_hal_cortex.o
                0x08000308                HAL_NVIC_EnableIRQ
 .text.HAL_SYSTICK_Config
                0x08000320       0x2c Drivers/STM32F7xx_HAL_Driver/Src/stm32f7xx_hal_cortex.o
                0x08000320                HAL_SYSTICK_Config
 .text.HAL_SYSTICK_CLKSourceConfig
                0x0800034c       0x20 Drivers/STM32F7xx_HAL_Driver/Src/stm32f7xx_hal_cortex.o
                0x0800034c                HAL_SYSTICK_CLKSourceConfig
 .text.HAL_SYSTICK_Callback
                0x0800036c        0x4 Drivers/STM32F7xx_HAL_Driver/Src/stm32f7xx_hal_cortex.o
                0x0800036c                HAL_SYSTICK_Callback
 .text.HAL_SYSTICK_IRQHandler
                0x08000370        0x8 Drivers/STM32F7xx_HAL_Driver/Src/stm32f7xx_hal_cortex.o
                0x08000370                HAL_SYSTICK_IRQHandler
 .text.HAL_GPIO_Init
                0x08000378      0x1d4 Drivers/STM32F7xx_HAL_Driver/Src/stm32f7xx_hal_gpio.o
                0x08000378                HAL_GPIO_Init
 .text.HAL_GPIO_ReadPin
                0x0800054c       0x10 Drivers/STM32F7xx_HAL_Driver/Src/stm32f7xx_hal_gpio.o
                0x0800054c                HAL_GPIO_ReadPin
 .text.HAL_GPIO_WritePin
                0x0800055c        0xc Drivers/STM32F7xx_HAL_Driver/Src/stm32f7xx_hal_gpio.o
                0x0800055c                HAL_GPIO_WritePin
 .text.HAL_GPIO_EXTI_IRQHandler
                0x08000568       0x18 Drivers/STM32F7xx_HAL_Driver/Src/stm32f7xx_hal_gpio.o
                0x08000568                HAL_GPIO_EXTI_IRQHandler
 .text.HAL_RCC_OscConfig
                0x08000580      0x430 Drivers/STM32F7xx_HAL_Driver/Src/stm32f7xx_hal_rcc.o
                0x08000580                HAL_RCC_OscConfig
 .text.HAL_RCC_GetSysClockFreq
                0x080009b0       0xa4 Drivers/STM32F7xx_HAL_Driver/Src/stm32f7xx_hal_rcc.o
                0x080009b0                HAL_RCC_GetSysClockFreq
 .text.HAL_RCC_ClockConfig
                0x08000a54      0x194 Drivers/STM32F7xx_HAL_Driver/Src/stm32f7xx_hal_rcc.o
                0x08000a54                HAL_RCC_ClockConfig
 .text.HAL_RCC_GetHCLKFreq
                0x08000be8        0xc Drivers/STM32F7xx_HAL_Driver/Src/stm32f7xx_hal_rcc.o
                0x08000be8                HAL_RCC_GetHCLKFreq
 .text.HAL_RCC_GetPCLK1Freq
                0x08000bf4       0x30 Drivers/STM32F7xx_HAL_Driver/Src/stm32f7xx_hal_rcc.o
                0x08000bf4                HAL_RCC_GetPCLK1Freq
 .text.HAL_RCC_GetPCLK2Freq
                0x08000c24       0x30 Drivers/STM32F7xx_HAL_Driver/Src/stm32f7xx_hal_rcc.o
                0x08000c24                HAL_RCC_GetPCLK2Freq
 .text.HAL_RCCEx_PeriphCLKConfig
                0x08000c54      0x7cc Drivers/STM32F7xx_HAL_Driver/Src/stm32f7xx_hal_rcc_ex.o
                0x08000c54                HAL_RCCEx_PeriphCLKConfig
 .text.TIM_TI1_ConfigInputStage
                0x08001420       0x28 Drivers/STM32F7xx_HAL_Driver/Src/stm32f7xx_hal_tim.o
 .text.TIM_TI2_ConfigInputStage
                0x08001448       0x28 Drivers/STM32F7xx_HAL_Driver/Src/stm32f7xx_hal_tim.o
 .text.TIM_ITRx_SetConfig
                0x08001470       0x10 Drivers/STM32F7xx_HAL_Driver/Src/stm32f7xx_hal_tim.o
 .text.HAL_TIM_Base_Start
                0x08001480       0x1c Drivers/STM32F7xx_HAL_Driver/Src/stm32f7xx_hal_tim.o
                0x08001480                HAL_TIM_Base_Start
 .text.HAL_TIM_PWM_MspInit
                0x0800149c        0x4 Drivers/STM32F7xx_HAL_Driver/Src/stm32f7xx_hal_tim.o
                0x0800149c                HAL_TIM_PWM_MspInit
 .text.TIM_Base_SetConfig
                0x080014a0      0x138 Drivers/STM32F7xx_HAL_Driver/Src/stm32f7xx_hal_tim.o
                0x080014a0                TIM_Base_SetConfig
 .text.HAL_TIM_Base_Init
                0x080015d8       0x38 Drivers/STM32F7xx_HAL_Driver/Src/stm32f7xx_hal_tim.o
                0x080015d8                HAL_TIM_Base_Init
 .text.HAL_TIM_PWM_Init
                0x08001610       0x38 Drivers/STM32F7xx_HAL_Driver/Src/stm32f7xx_hal_tim.o
                0x08001610                HAL_TIM_PWM_Init
 .text.TIM_OC1_SetConfig
                0x08001648       0x60 Drivers/STM32F7xx_HAL_Driver/Src/stm32f7xx_hal_tim.o
                0x08001648                TIM_OC1_SetConfig
 .text.TIM_OC2_SetConfig
                0x080016a8       0x68 Drivers/STM32F7xx_HAL_Driver/Src/stm32f7xx_hal_tim.o
                0x080016a8                TIM_OC2_SetConfig
 .text.TIM_OC3_SetConfig
                0x08001710       0x68 Drivers/STM32F7xx_HAL_Driver/Src/stm32f7xx_hal_tim.o
                0x08001710                TIM_OC3_SetConfig
 .text.TIM_OC4_SetConfig
                0x08001778       0x54 Drivers/STM32F7xx_HAL_Driver/Src/stm32f7xx_hal_tim.o
                0x08001778                TIM_OC4_SetConfig
 .text.TIM_ETR_SetConfig
                0x080017cc       0x1c Drivers/STM32F7xx_HAL_Driver/Src/stm32f7xx_hal_tim.o
                0x080017cc                TIM_ETR_SetConfig
 .text.HAL_TIM_ConfigClockSource
                0x080017e8      0x120 Drivers/STM32F7xx_HAL_Driver/Src/stm32f7xx_hal_tim.o
                0x080017e8                HAL_TIM_ConfigClockSource
 .text.TIM_CCxChannelCmd
                0x08001908       0x20 Drivers/STM32F7xx_HAL_Driver/Src/stm32f7xx_hal_tim.o
                0x08001908                TIM_CCxChannelCmd
 .text.HAL_TIM_PWM_Start
                0x08001928       0x38 Drivers/STM32F7xx_HAL_Driver/Src/stm32f7xx_hal_tim.o
                0x08001928                HAL_TIM_PWM_Start
 .text.TIM_OC5_SetConfig
                0x08001960       0x54 Drivers/STM32F7xx_HAL_Driver/Src/stm32f7xx_hal_tim_ex.o
 .text.TIM_OC6_SetConfig
                0x080019b4       0x54 Drivers/STM32F7xx_HAL_Driver/Src/stm32f7xx_hal_tim_ex.o
 .text.HAL_TIMEx_MasterConfigSynchronization
                0x08001a08       0x5c Drivers/STM32F7xx_HAL_Driver/Src/stm32f7xx_hal_tim_ex.o
                0x08001a08                HAL_TIMEx_MasterConfigSynchronization
 .text.HAL_TIM_PWM_ConfigChannel
                0x08001a64      0x138 Drivers/STM32F7xx_HAL_Driver/Src/stm32f7xx_hal_tim_ex.o
                0x08001a64                HAL_TIM_PWM_ConfigChannel
 .text.UART_WaitOnFlagUntilTimeout
                0x08001b9c       0x68 Drivers/STM32F7xx_HAL_Driver/Src/stm32f7xx_hal_uart.o
                0x08001b9c                UART_WaitOnFlagUntilTimeout
 .text.UART_SetConfig
                0x08001c04      0x364 Drivers/STM32F7xx_HAL_Driver/Src/stm32f7xx_hal_uart.o
                0x08001c04                UART_SetConfig
 .text.UART_AdvFeatureConfig
                0x08001f68       0xc8 Drivers/STM32F7xx_HAL_Driver/Src/stm32f7xx_hal_uart.o
                0x08001f68                UART_AdvFeatureConfig
 .text.UART_CheckIdleState
                0x08002030       0x48 Drivers/STM32F7xx_HAL_Driver/Src/stm32f7xx_hal_uart.o
                0x08002030                UART_CheckIdleState
 .text.HAL_UART_Init
                0x08002078       0x6c Drivers/STM32F7xx_HAL_Driver/Src/stm32f7xx_hal_uart.o
                0x08002078                HAL_UART_Init
 .text._ZN5WheelC2EP12GPIO_TypeDeftS1_tS1_tS1_tP17TIM_HandleTypeDefm
                0x080020e4       0x70 Src/Wheel.o
                0x080020e4                Wheel::Wheel(GPIO_TypeDef*, unsigned short, GPIO_TypeDef*, unsigned short, GPIO_TypeDef*, unsigned short, GPIO_TypeDef*, unsigned short, TIM_HandleTypeDef*, unsigned long)
                0x080020e4                Wheel::Wheel(GPIO_TypeDef*, unsigned short, GPIO_TypeDef*, unsigned short, GPIO_TypeDef*, unsigned short, GPIO_TypeDef*, unsigned short, TIM_HandleTypeDef*, unsigned long)
 .text._ZN5Wheel10countPulseEv
                0x08002154       0x40 Src/Wheel.o
                0x08002154                Wheel::countPulse()
 .text._ZN5WheelD2Ev
                0x08002194       0x28 Src/Wheel.o
                0x08002194                Wheel::~Wheel()
                0x08002194                Wheel::~Wheel()
 .text._ZN5WheelD0Ev
                0x080021bc       0x20 Src/Wheel.o
                0x080021bc                Wheel::~Wheel()
 .text._ZN9WheelSideC2ER5WheelS1_
                0x080021dc       0x30 Src/WheelSide.o
                0x080021dc                WheelSide::WheelSide(Wheel&, Wheel&)
                0x080021dc                WheelSide::WheelSide(Wheel&, Wheel&)
 .text._ZN9WheelSideD2Ev
                0x0800220c       0x28 Src/WheelSide.o
                0x0800220c                WheelSide::~WheelSide()
                0x0800220c                WheelSide::~WheelSide()
 .text._ZN9WheelSideD0Ev
                0x08002234       0x20 Src/WheelSide.o
                0x08002234                WheelSide::~WheelSide()
 .text.HAL_GPIO_EXTI_Callback
                0x08002254       0x58 Src/main.o
                0x08002254                HAL_GPIO_EXTI_Callback
 .text.main     0x080022ac       0x48 Src/main.o
                0x080022ac                main
 .text.SystemClock_Config
                0x080022f4      0x128 Src/main.o
                0x080022f4                SystemClock_Config
 .text.MX_TIM3_Init
                0x0800241c      0x188 Src/main.o
 .text.MX_USART3_UART_Init
                0x080025a4       0x74 Src/main.o
 .text.MX_GPIO_Init
                0x08002618      0x21c Src/main.o
 .text._Z14_Error_HandlerPci
                0x08002834        0xc Src/main.o
                0x08002834                _Error_Handler(char*, int)
 .text._Z41__static_initialization_and_destruction_0ii
                0x08002840      0x168 Src/main.o
 .text._GLOBAL__sub_I_htim3
                0x080029a8       0x10 Src/main.o
 .text.HAL_MspInit
                0x080029b8       0x60 Src/stm32f7xx_hal_msp.o
                0x080029b8                HAL_MspInit
 .text.HAL_TIM_Base_MspInit
                0x08002a18       0x28 Src/stm32f7xx_hal_msp.o
                0x08002a18                HAL_TIM_Base_MspInit
 .text.HAL_TIM_MspPostInit
                0x08002a40       0x64 Src/stm32f7xx_hal_msp.o
                0x08002a40                HAL_TIM_MspPostInit
 .text.HAL_UART_MspInit
                0x08002aa4       0x50 Src/stm32f7xx_hal_msp.o
                0x08002aa4                HAL_UART_MspInit
 .text.NMI_Handler
                0x08002af4        0x4 Src/stm32f7xx_it.o
                0x08002af4                NMI_Handler
 .text.HardFault_Handler
                0x08002af8        0x4 Src/stm32f7xx_it.o
                0x08002af8                HardFault_Handler
 .text.MemManage_Handler
                0x08002afc        0x4 Src/stm32f7xx_it.o
                0x08002afc                MemManage_Handler
 .text.BusFault_Handler
                0x08002b00        0x4 Src/stm32f7xx_it.o
                0x08002b00                BusFault_Handler
 .text.UsageFault_Handler
                0x08002b04        0x4 Src/stm32f7xx_it.o
                0x08002b04                UsageFault_Handler
 .text.SVC_Handler
                0x08002b08        0x4 Src/stm32f7xx_it.o
                0x08002b08                SVC_Handler
 .text.DebugMon_Handler
                0x08002b0c        0x4 Src/stm32f7xx_it.o
                0x08002b0c                DebugMon_Handler
 .text.PendSV_Handler
                0x08002b10        0x4 Src/stm32f7xx_it.o
                0x08002b10                PendSV_Handler
 .text.SysTick_Handler
                0x08002b14        0xc Src/stm32f7xx_it.o
                0x08002b14                SysTick_Handler
 .text.EXTI2_IRQHandler
                0x08002b20        0xc Src/stm32f7xx_it.o
                0x08002b20                EXTI2_IRQHandler
 .text.EXTI4_IRQHandler
                0x08002b2c        0xc Src/stm32f7xx_it.o
                0x08002b2c                EXTI4_IRQHandler
 .text.EXTI9_5_IRQHandler
                0x08002b38        0xc Src/stm32f7xx_it.o
                0x08002b38                EXTI9_5_IRQHandler
 .text.EXTI15_10_IRQHandler
                0x08002b44       0x2c Src/stm32f7xx_it.o
                0x08002b44                EXTI15_10_IRQHandler
 .text.SystemInit
                0x08002b70       0x50 Src/system_stm32f7xx.o
                0x08002b70                SystemInit
 .text.Reset_Handler
                0x08002bc0       0x50 startup/startup_stm32f746xx.o
                0x08002bc0                Reset_Handler
 .text.Default_Handler
                0x08002c10        0x2 startup/startup_stm32f746xx.o
                0x08002c10                RTC_Alarm_IRQHandler
                0x08002c10                TIM8_CC_IRQHandler
                0x08002c10                UART8_IRQHandler
                0x08002c10                SPI4_IRQHandler
                0x08002c10                TIM1_CC_IRQHandler
                0x08002c10                DMA2_Stream5_IRQHandler
                0x08002c10                DMA1_Stream5_IRQHandler
                0x08002c10                PVD_IRQHandler
                0x08002c10                TAMP_STAMP_IRQHandler
                0x08002c10                CAN2_RX1_IRQHandler
                0x08002c10                EXTI3_IRQHandler
                0x08002c10                TIM8_TRG_COM_TIM14_IRQHandler
                0x08002c10                TIM1_UP_TIM10_IRQHandler
                0x08002c10                TIM8_UP_TIM13_IRQHandler
                0x08002c10                I2C3_ER_IRQHandler
                0x08002c10                EXTI0_IRQHandler
                0x08002c10                I2C2_EV_IRQHandler
                0x08002c10                DMA1_Stream2_IRQHandler
                0x08002c10                CAN1_RX0_IRQHandler
                0x08002c10                FPU_IRQHandler
                0x08002c10                OTG_HS_WKUP_IRQHandler
                0x08002c10                LTDC_ER_IRQHandler
                0x08002c10                CAN2_SCE_IRQHandler
                0x08002c10                DMA2_Stream2_IRQHandler
                0x08002c10                SPI1_IRQHandler
                0x08002c10                TIM6_DAC_IRQHandler
                0x08002c10                TIM1_BRK_TIM9_IRQHandler
                0x08002c10                DCMI_IRQHandler
                0x08002c10                CAN2_RX0_IRQHandler
                0x08002c10                DMA2_Stream3_IRQHandler
                0x08002c10                SAI2_IRQHandler
                0x08002c10                USART6_IRQHandler
                0x08002c10                USART3_IRQHandler
                0x08002c10                CAN1_RX1_IRQHandler
                0x08002c10                UART5_IRQHandler
                0x08002c10                DMA2_Stream0_IRQHandler
                0x08002c10                TIM4_IRQHandler
                0x08002c10                QUADSPI_IRQHandler
                0x08002c10                I2C1_EV_IRQHandler
                0x08002c10                DMA1_Stream6_IRQHandler
                0x08002c10                DMA1_Stream1_IRQHandler
                0x08002c10                UART4_IRQHandler
                0x08002c10                TIM3_IRQHandler
                0x08002c10                RCC_IRQHandler
                0x08002c10                TIM8_BRK_TIM12_IRQHandler
                0x08002c10                Default_Handler
                0x08002c10                CEC_IRQHandler
                0x08002c10                ADC_IRQHandler
                0x08002c10                DMA1_Stream7_IRQHandler
                0x08002c10                SPI5_IRQHandler
                0x08002c10                TIM7_IRQHandler
                0x08002c10                SDMMC1_IRQHandler
                0x08002c10                CAN2_TX_IRQHandler
                0x08002c10                TIM5_IRQHandler
                0x08002c10                DMA2_Stream7_IRQHandler
                0x08002c10                I2C3_EV_IRQHandler
                0x08002c10                RTC_WKUP_IRQHandler
                0x08002c10                LTDC_IRQHandler
                0x08002c10                ETH_WKUP_IRQHandler
                0x08002c10                SPDIF_RX_IRQHandler
                0x08002c10                SPI2_IRQHandler
                0x08002c10                OTG_HS_EP1_IN_IRQHandler
                0x08002c10                DMA1_Stream0_IRQHandler
                0x08002c10                CAN1_TX_IRQHandler
                0x08002c10                RNG_IRQHandler
                0x08002c10                ETH_IRQHandler
                0x08002c10                OTG_HS_EP1_OUT_IRQHandler
                0x08002c10                WWDG_IRQHandler
                0x08002c10                SPI6_IRQHandler
                0x08002c10                I2C4_EV_IRQHandler
                0x08002c10                TIM2_IRQHandler
                0x08002c10                OTG_FS_WKUP_IRQHandler
                0x08002c10                TIM1_TRG_COM_TIM11_IRQHandler
                0x08002c10                OTG_HS_IRQHandler
                0x08002c10                DMA2D_IRQHandler
                0x08002c10                EXTI1_IRQHandler
                0x08002c10                UART7_IRQHandler
                0x08002c10                USART2_IRQHandler
                0x08002c10                I2C2_ER_IRQHandler
                0x08002c10                DMA2_Stream1_IRQHandler
                0x08002c10                CAN1_SCE_IRQHandler
                0x08002c10                FLASH_IRQHandler
                0x08002c10                DMA2_Stream4_IRQHandler
                0x08002c10                USART1_IRQHandler
                0x08002c10                OTG_FS_IRQHandler
                0x08002c10                SPI3_IRQHandler
                0x08002c10                DMA1_Stream4_IRQHandler
                0x08002c10                I2C1_ER_IRQHandler
                0x08002c10                FMC_IRQHandler
                0x08002c10                LPTIM1_IRQHandler
                0x08002c10                I2C4_ER_IRQHandler
                0x08002c10                DMA2_Stream6_IRQHandler
                0x08002c10                SAI1_IRQHandler
                0x08002c10                DMA1_Stream3_IRQHandler
 .text.__aeabi_atexit
                0x08002c12        0xa c:/ac6/systemworkbench/plugins/fr.ac6.mcu.externaltools.arm-none.win32_1.13.3.201707031232/tools/compiler/bin/../lib/gcc/arm-none-eabi/5.4.1/../../../../arm-none-eabi/lib/armv7e-m/fpu/fpv5-sp-d16\libstdc++_nano.a(atexit_arm.o)
                0x08002c12                __aeabi_atexit
 .text._ZdlPv   0x08002c1c        0x4 c:/ac6/systemworkbench/plugins/fr.ac6.mcu.externaltools.arm-none.win32_1.13.3.201707031232/tools/compiler/bin/../lib/gcc/arm-none-eabi/5.4.1/../../../../arm-none-eabi/lib/armv7e-m/fpu/fpv5-sp-d16\libstdc++_nano.a(del_op.o)
                0x08002c1c                operator delete(void*)
 .text.__cxa_atexit
                0x08002c20       0x1c c:/ac6/systemworkbench/plugins/fr.ac6.mcu.externaltools.arm-none.win32_1.13.3.201707031232/tools/compiler/bin/../lib/gcc/arm-none-eabi/5.4.1/../../../../arm-none-eabi/lib/armv7e-m/fpu/fpv5-sp-d16\libc_nano.a(lib_a-cxa_atexit.o)
                0x08002c20                __cxa_atexit
 .text.__libc_init_array
                0x08002c3c       0x4c c:/ac6/systemworkbench/plugins/fr.ac6.mcu.externaltools.arm-none.win32_1.13.3.201707031232/tools/compiler/bin/../lib/gcc/arm-none-eabi/5.4.1/../../../../arm-none-eabi/lib/armv7e-m/fpu/fpv5-sp-d16\libc_nano.a(lib_a-init.o)
                0x08002c3c                __libc_init_array
 .text.free     0x08002c88       0x10 c:/ac6/systemworkbench/plugins/fr.ac6.mcu.externaltools.arm-none.win32_1.13.3.201707031232/tools/compiler/bin/../lib/gcc/arm-none-eabi/5.4.1/../../../../arm-none-eabi/lib/armv7e-m/fpu/fpv5-sp-d16\libc_nano.a(lib_a-malloc.o)
                0x08002c88                free
 .text._free_r  0x08002c98       0x9c c:/ac6/systemworkbench/plugins/fr.ac6.mcu.externaltools.arm-none.win32_1.13.3.201707031232/tools/compiler/bin/../lib/gcc/arm-none-eabi/5.4.1/../../../../arm-none-eabi/lib/armv7e-m/fpu/fpv5-sp-d16\libc_nano.a(lib_a-nano-freer.o)
                0x08002c98                _free_r
 .text.__malloc_lock
                0x08002d34        0x2 c:/ac6/systemworkbench/plugins/fr.ac6.mcu.externaltools.arm-none.win32_1.13.3.201707031232/tools/compiler/bin/../lib/gcc/arm-none-eabi/5.4.1/../../../../arm-none-eabi/lib/armv7e-m/fpu/fpv5-sp-d16\libc_nano.a(lib_a-mlock.o)
                0x08002d34                __malloc_lock
 .text.__malloc_unlock
                0x08002d36        0x2 c:/ac6/systemworkbench/plugins/fr.ac6.mcu.externaltools.arm-none.win32_1.13.3.201707031232/tools/compiler/bin/../lib/gcc/arm-none-eabi/5.4.1/../../../../arm-none-eabi/lib/armv7e-m/fpu/fpv5-sp-d16\libc_nano.a(lib_a-mlock.o)
                0x08002d36                __malloc_unlock
 *(.glue_7)
 .glue_7        0x08002d38        0x0 linker stubs
 *(.glue_7t)
 .glue_7t       0x08002d38        0x0 linker stubs
 *(.eh_frame)
 .eh_frame      0x08002d38        0x0 c:/ac6/systemworkbench/plugins/fr.ac6.mcu.externaltools.arm-none.win32_1.13.3.201707031232/tools/compiler/bin/../lib/gcc/arm-none-eabi/5.4.1/armv7e-m/fpu/fpv5-sp-d16/crtbegin.o
 *(.init)
 .init          0x08002d38        0x4 c:/ac6/systemworkbench/plugins/fr.ac6.mcu.externaltools.arm-none.win32_1.13.3.201707031232/tools/compiler/bin/../lib/gcc/arm-none-eabi/5.4.1/armv7e-m/fpu/fpv5-sp-d16/crti.o
                0x08002d38                _init
 .init          0x08002d3c        0x8 c:/ac6/systemworkbench/plugins/fr.ac6.mcu.externaltools.arm-none.win32_1.13.3.201707031232/tools/compiler/bin/../lib/gcc/arm-none-eabi/5.4.1/armv7e-m/fpu/fpv5-sp-d16/crtn.o
 *(.fini)
 .fini          0x08002d44        0x4 c:/ac6/systemworkbench/plugins/fr.ac6.mcu.externaltools.arm-none.win32_1.13.3.201707031232/tools/compiler/bin/../lib/gcc/arm-none-eabi/5.4.1/armv7e-m/fpu/fpv5-sp-d16/crti.o
                0x08002d44                _fini
 .fini          0x08002d48        0x8 c:/ac6/systemworkbench/plugins/fr.ac6.mcu.externaltools.arm-none.win32_1.13.3.201707031232/tools/compiler/bin/../lib/gcc/arm-none-eabi/5.4.1/armv7e-m/fpu/fpv5-sp-d16/crtn.o
                0x08002d50                . = ALIGN (0x4)
                0x08002d50                _etext = .

.vfp11_veneer   0x08002d50        0x0
 .vfp11_veneer  0x08002d50        0x0 linker stubs

.v4_bx          0x08002d50        0x0
 .v4_bx         0x08002d50        0x0 linker stubs

.iplt           0x08002d50        0x0
 .iplt          0x08002d50        0x0 c:/ac6/systemworkbench/plugins/fr.ac6.mcu.externaltools.arm-none.win32_1.13.3.201707031232/tools/compiler/bin/../lib/gcc/arm-none-eabi/5.4.1/armv7e-m/fpu/fpv5-sp-d16/crtbegin.o

.rodata         0x08002d50       0x48
                0x08002d50                . = ALIGN (0x4)
 *(.rodata)
 .rodata        0x08002d50       0x10 Src/Wheel.o
                0x08002d50                vtable for Wheel
 .rodata        0x08002d60       0x10 Src/WheelSide.o
                0x08002d60                vtable for WheelSide
 .rodata        0x08002d70       0x10 Src/main.o
 .rodata        0x08002d80       0x18 Src/system_stm32f7xx.o
                0x08002d80                AHBPrescTable
                0x08002d90                APBPrescTable
 *(.rodata*)
                0x08002d98                . = ALIGN (0x4)

.rel.dyn        0x08002d98        0x0
 .rel.iplt      0x08002d98        0x0 c:/ac6/systemworkbench/plugins/fr.ac6.mcu.externaltools.arm-none.win32_1.13.3.201707031232/tools/compiler/bin/../lib/gcc/arm-none-eabi/5.4.1/armv7e-m/fpu/fpv5-sp-d16/crtbegin.o

.ARM.extab
 *(.ARM.extab* .gnu.linkonce.armextab.*)

.ARM            0x08002d98        0x0
                0x08002d98                __exidx_start = .
 *(.ARM.exidx*)
                0x08002d98                __exidx_end = .

.preinit_array  0x08002d98        0x0
                0x08002d98                PROVIDE (__preinit_array_start, .)
 *(.preinit_array*)
                0x08002d98                PROVIDE (__preinit_array_end, .)

.init_array     0x08002d98        0x8
                0x08002d98                PROVIDE (__init_array_start, .)
 *(SORT(.init_array.*))
 *(.init_array*)
 .init_array    0x08002d98        0x4 c:/ac6/systemworkbench/plugins/fr.ac6.mcu.externaltools.arm-none.win32_1.13.3.201707031232/tools/compiler/bin/../lib/gcc/arm-none-eabi/5.4.1/armv7e-m/fpu/fpv5-sp-d16/crtbegin.o
 .init_array    0x08002d9c        0x4 Src/main.o
                0x08002da0                PROVIDE (__init_array_end, .)

.fini_array     0x08002da0        0x4
                [!provide]                PROVIDE (__fini_array_start, .)
 *(SORT(.fini_array.*))
 *(.fini_array*)
 .fini_array    0x08002da0        0x4 c:/ac6/systemworkbench/plugins/fr.ac6.mcu.externaltools.arm-none.win32_1.13.3.201707031232/tools/compiler/bin/../lib/gcc/arm-none-eabi/5.4.1/armv7e-m/fpu/fpv5-sp-d16/crtbegin.o
                [!provide]                PROVIDE (__fini_array_end, .)
                0x08002da4                _sidata = LOADADDR (.data)

.data           0x20000000       0x6c load address 0x08002da4
                0x20000000                . = ALIGN (0x4)
                0x20000000                _sdata = .
 *(.data)
 .data          0x20000000        0x4 c:/ac6/systemworkbench/plugins/fr.ac6.mcu.externaltools.arm-none.win32_1.13.3.201707031232/tools/compiler/bin/../lib/gcc/arm-none-eabi/5.4.1/armv7e-m/fpu/fpv5-sp-d16/crtbegin.o
                0x20000000                __dso_handle
 .data          0x20000004        0x4 Src/system_stm32f7xx.o
                0x20000004                SystemCoreClock
 *(.data*)
 .data.impure_data
                0x20000008       0x60 c:/ac6/systemworkbench/plugins/fr.ac6.mcu.externaltools.arm-none.win32_1.13.3.201707031232/tools/compiler/bin/../lib/gcc/arm-none-eabi/5.4.1/../../../../arm-none-eabi/lib/armv7e-m/fpu/fpv5-sp-d16\libc_nano.a(lib_a-impure.o)
 .data._impure_ptr
                0x20000068        0x4 c:/ac6/systemworkbench/plugins/fr.ac6.mcu.externaltools.arm-none.win32_1.13.3.201707031232/tools/compiler/bin/../lib/gcc/arm-none-eabi/5.4.1/../../../../arm-none-eabi/lib/armv7e-m/fpu/fpv5-sp-d16\libc_nano.a(lib_a-impure.o)
                0x20000068                _impure_ptr
                0x2000006c                . = ALIGN (0x4)
                0x2000006c                _edata = .

.jcr            0x2000006c        0x0 load address 0x08002e10
 .jcr           0x2000006c        0x0 c:/ac6/systemworkbench/plugins/fr.ac6.mcu.externaltools.arm-none.win32_1.13.3.201707031232/tools/compiler/bin/../lib/gcc/arm-none-eabi/5.4.1/armv7e-m/fpu/fpv5-sp-d16/crtbegin.o

.igot.plt       0x2000006c        0x0 load address 0x08002e10
 .igot.plt      0x2000006c        0x0 c:/ac6/systemworkbench/plugins/fr.ac6.mcu.externaltools.arm-none.win32_1.13.3.201707031232/tools/compiler/bin/../lib/gcc/arm-none-eabi/5.4.1/armv7e-m/fpu/fpv5-sp-d16/crtbegin.o
                0x2000006c                . = ALIGN (0x4)

.bss            0x2000006c      0x1d0 load address 0x08002e10
                0x2000006c                _sbss = .
                0x2000006c                __bss_start__ = _sbss
 *(.bss)
 .bss           0x2000006c       0x1c c:/ac6/systemworkbench/plugins/fr.ac6.mcu.externaltools.arm-none.win32_1.13.3.201707031232/tools/compiler/bin/../lib/gcc/arm-none-eabi/5.4.1/armv7e-m/fpu/fpv5-sp-d16/crtbegin.o
 .bss           0x20000088      0x1ac Src/main.o
                0x20000088                htim3
                0x200000c8                huart3
                0x20000138                pulseLeftFront
                0x2000013c                pulseRightFront
                0x20000140                pulseLeftBack
                0x20000144                pulseRightBack
                0x20000148                dirLeftFront
                0x20000149                dirRightFront
                0x2000014a                dirLeftBack
                0x2000014b                dirRightBack
                0x2000014c                leftFrontWheel
                0x20000180                rightFrontWheel
                0x200001b4                leftBackWheel
                0x200001e8                rightBackWheel
                0x2000021c                leftWheel
                0x20000228                rightWheel
 *(.bss*)
 .bss.__malloc_free_list
                0x20000234        0x4 c:/ac6/systemworkbench/plugins/fr.ac6.mcu.externaltools.arm-none.win32_1.13.3.201707031232/tools/compiler/bin/../lib/gcc/arm-none-eabi/5.4.1/../../../../arm-none-eabi/lib/armv7e-m/fpu/fpv5-sp-d16\libc_nano.a(lib_a-nano-mallocr.o)
                0x20000234                __malloc_free_list
 *(COMMON)
 COMMON         0x20000238        0x4 Drivers/STM32F7xx_HAL_Driver/Src/stm32f7xx_hal.o
                0x20000238                uwTick
                0x2000023c                . = ALIGN (0x4)
                0x2000023c                _ebss = .
                0x2000023c                __bss_end__ = _ebss

._user_heap_stack
                0x2000023c      0x604 load address 0x08002e10
                0x20000240                . = ALIGN (0x8)
 *fill*         0x2000023c        0x4 
                0x20000240                PROVIDE (end, .)
                [!provide]                PROVIDE (_end, .)
                0x20000440                . = (. + _Min_Heap_Size)
 *fill*         0x20000240      0x200 
                0x20000840                . = (. + _Min_Stack_Size)
 *fill*         0x20000440      0x400 
                0x20000840                . = ALIGN (0x8)

/DISCARD/
 libc.a(*)
 libm.a(*)
 libgcc.a(*)

.ARM.attributes
                0x00000000       0x30
 *(.ARM.attributes)
 .ARM.attributes
                0x00000000       0x22 c:/ac6/systemworkbench/plugins/fr.ac6.mcu.externaltools.arm-none.win32_1.13.3.201707031232/tools/compiler/bin/../lib/gcc/arm-none-eabi/5.4.1/armv7e-m/fpu/fpv5-sp-d16/crti.o
 .ARM.attributes
                0x00000022       0x34 c:/ac6/systemworkbench/plugins/fr.ac6.mcu.externaltools.arm-none.win32_1.13.3.201707031232/tools/compiler/bin/../lib/gcc/arm-none-eabi/5.4.1/armv7e-m/fpu/fpv5-sp-d16/crtbegin.o
 .ARM.attributes
                0x00000056       0x39 Drivers/STM32F7xx_HAL_Driver/Src/stm32f7xx_hal.o
 .ARM.attributes
                0x0000008f       0x39 Drivers/STM32F7xx_HAL_Driver/Src/stm32f7xx_hal_cortex.o
 .ARM.attributes
                0x000000c8       0x39 Drivers/STM32F7xx_HAL_Driver/Src/stm32f7xx_hal_gpio.o
 .ARM.attributes
                0x00000101       0x39 Drivers/STM32F7xx_HAL_Driver/Src/stm32f7xx_hal_rcc.o
 .ARM.attributes
                0x0000013a       0x39 Drivers/STM32F7xx_HAL_Driver/Src/stm32f7xx_hal_rcc_ex.o
 .ARM.attributes
                0x00000173       0x39 Drivers/STM32F7xx_HAL_Driver/Src/stm32f7xx_hal_tim.o
 .ARM.attributes
                0x000001ac       0x39 Drivers/STM32F7xx_HAL_Driver/Src/stm32f7xx_hal_tim_ex.o
 .ARM.attributes
                0x000001e5       0x39 Drivers/STM32F7xx_HAL_Driver/Src/stm32f7xx_hal_uart.o
 .ARM.attributes
                0x0000021e       0x39 Src/Wheel.o
 .ARM.attributes
                0x00000257       0x39 Src/WheelSide.o
 .ARM.attributes
                0x00000290       0x39 Src/main.o
 .ARM.attributes
                0x000002c9       0x39 Src/stm32f7xx_hal_msp.o
 .ARM.attributes
                0x00000302       0x39 Src/stm32f7xx_it.o
 .ARM.attributes
                0x0000033b       0x39 Src/system_stm32f7xx.o
 .ARM.attributes
                0x00000374       0x21 startup/startup_stm32f746xx.o
 .ARM.attributes
                0x00000395       0x34 c:/ac6/systemworkbench/plugins/fr.ac6.mcu.externaltools.arm-none.win32_1.13.3.201707031232/tools/compiler/bin/../lib/gcc/arm-none-eabi/5.4.1/../../../../arm-none-eabi/lib/armv7e-m/fpu/fpv5-sp-d16\libstdc++_nano.a(atexit_arm.o)
 .ARM.attributes
                0x000003c9       0x34 c:/ac6/systemworkbench/plugins/fr.ac6.mcu.externaltools.arm-none.win32_1.13.3.201707031232/tools/compiler/bin/../lib/gcc/arm-none-eabi/5.4.1/../../../../arm-none-eabi/lib/armv7e-m/fpu/fpv5-sp-d16\libstdc++_nano.a(del_op.o)
 .ARM.attributes
                0x000003fd       0x34 c:/ac6/systemworkbench/plugins/fr.ac6.mcu.externaltools.arm-none.win32_1.13.3.201707031232/tools/compiler/bin/../lib/gcc/arm-none-eabi/5.4.1/../../../../arm-none-eabi/lib/armv7e-m/fpu/fpv5-sp-d16\libc_nano.a(lib_a-cxa_atexit.o)
 .ARM.attributes
                0x00000431       0x34 c:/ac6/systemworkbench/plugins/fr.ac6.mcu.externaltools.arm-none.win32_1.13.3.201707031232/tools/compiler/bin/../lib/gcc/arm-none-eabi/5.4.1/../../../../arm-none-eabi/lib/armv7e-m/fpu/fpv5-sp-d16\libc_nano.a(lib_a-impure.o)
 .ARM.attributes
                0x00000465       0x34 c:/ac6/systemworkbench/plugins/fr.ac6.mcu.externaltools.arm-none.win32_1.13.3.201707031232/tools/compiler/bin/../lib/gcc/arm-none-eabi/5.4.1/../../../../arm-none-eabi/lib/armv7e-m/fpu/fpv5-sp-d16\libc_nano.a(lib_a-init.o)
 .ARM.attributes
                0x00000499       0x34 c:/ac6/systemworkbench/plugins/fr.ac6.mcu.externaltools.arm-none.win32_1.13.3.201707031232/tools/compiler/bin/../lib/gcc/arm-none-eabi/5.4.1/../../../../arm-none-eabi/lib/armv7e-m/fpu/fpv5-sp-d16\libc_nano.a(lib_a-malloc.o)
 .ARM.attributes
                0x000004cd       0x34 c:/ac6/systemworkbench/plugins/fr.ac6.mcu.externaltools.arm-none.win32_1.13.3.201707031232/tools/compiler/bin/../lib/gcc/arm-none-eabi/5.4.1/../../../../arm-none-eabi/lib/armv7e-m/fpu/fpv5-sp-d16\libc_nano.a(lib_a-nano-freer.o)
 .ARM.attributes
                0x00000501       0x34 c:/ac6/systemworkbench/plugins/fr.ac6.mcu.externaltools.arm-none.win32_1.13.3.201707031232/tools/compiler/bin/../lib/gcc/arm-none-eabi/5.4.1/../../../../arm-none-eabi/lib/armv7e-m/fpu/fpv5-sp-d16\libc_nano.a(lib_a-nano-mallocr.o)
 .ARM.attributes
                0x00000535       0x34 c:/ac6/systemworkbench/plugins/fr.ac6.mcu.externaltools.arm-none.win32_1.13.3.201707031232/tools/compiler/bin/../lib/gcc/arm-none-eabi/5.4.1/../../../../arm-none-eabi/lib/armv7e-m/fpu/fpv5-sp-d16\libc_nano.a(lib_a-mlock.o)
 .ARM.attributes
                0x00000569       0x22 c:/ac6/systemworkbench/plugins/fr.ac6.mcu.externaltools.arm-none.win32_1.13.3.201707031232/tools/compiler/bin/../lib/gcc/arm-none-eabi/5.4.1/armv7e-m/fpu/fpv5-sp-d16/crtn.o
OUTPUT(test_motorControl_cpp.elf elf32-littlearm)

.debug_info     0x00000000     0xdc55
 .debug_info    0x00000000      0x8f6 Drivers/STM32F7xx_HAL_Driver/Src/stm32f7xx_hal.o
 .debug_info    0x000008f6     0x112f Drivers/STM32F7xx_HAL_Driver/Src/stm32f7xx_hal_cortex.o
 .debug_info    0x00001a25      0x751 Drivers/STM32F7xx_HAL_Driver/Src/stm32f7xx_hal_gpio.o
 .debug_info    0x00002176      0xd23 Drivers/STM32F7xx_HAL_Driver/Src/stm32f7xx_hal_rcc.o
 .debug_info    0x00002e99      0xfec Drivers/STM32F7xx_HAL_Driver/Src/stm32f7xx_hal_rcc_ex.o
 .debug_info    0x00003e85     0x2e91 Drivers/STM32F7xx_HAL_Driver/Src/stm32f7xx_hal_tim.o
 .debug_info    0x00006d16     0x1649 Drivers/STM32F7xx_HAL_Driver/Src/stm32f7xx_hal_tim_ex.o
 .debug_info    0x0000835f     0x1806 Drivers/STM32F7xx_HAL_Driver/Src/stm32f7xx_hal_uart.o
 .debug_info    0x00009b65      0xb81 Src/Wheel.o
 .debug_info    0x0000a6e6      0x3c0 Src/WheelSide.o
 .debug_info    0x0000aaa6     0x1700 Src/main.o
 .debug_info    0x0000c1a6     0x10af Src/stm32f7xx_hal_msp.o
 .debug_info    0x0000d255      0x281 Src/stm32f7xx_it.o
 .debug_info    0x0000d4d6      0x6e9 Src/system_stm32f7xx.o
 .debug_info    0x0000dbbf       0x96 startup/startup_stm32f746xx.o

.debug_abbrev   0x00000000     0x1c91
 .debug_abbrev  0x00000000      0x1d3 Drivers/STM32F7xx_HAL_Driver/Src/stm32f7xx_hal.o
 .debug_abbrev  0x000001d3      0x2fe Drivers/STM32F7xx_HAL_Driver/Src/stm32f7xx_hal_cortex.o
 .debug_abbrev  0x000004d1      0x1cd Drivers/STM32F7xx_HAL_Driver/Src/stm32f7xx_hal_gpio.o
 .debug_abbrev  0x0000069e      0x276 Drivers/STM32F7xx_HAL_Driver/Src/stm32f7xx_hal_rcc.o
 .debug_abbrev  0x00000914      0x21b Drivers/STM32F7xx_HAL_Driver/Src/stm32f7xx_hal_rcc_ex.o
 .debug_abbrev  0x00000b2f      0x21b Drivers/STM32F7xx_HAL_Driver/Src/stm32f7xx_hal_tim.o
 .debug_abbrev  0x00000d4a      0x21b Drivers/STM32F7xx_HAL_Driver/Src/stm32f7xx_hal_tim_ex.o
 .debug_abbrev  0x00000f65      0x251 Drivers/STM32F7xx_HAL_Driver/Src/stm32f7xx_hal_uart.o
 .debug_abbrev  0x000011b6      0x2b4 Src/Wheel.o
 .debug_abbrev  0x0000146a      0x1ed Src/WheelSide.o
 .debug_abbrev  0x00001657      0x251 Src/main.o
 .debug_abbrev  0x000018a8      0x1c7 Src/stm32f7xx_hal_msp.o
 .debug_abbrev  0x00001a6f       0xf0 Src/stm32f7xx_it.o
 .debug_abbrev  0x00001b5f      0x120 Src/system_stm32f7xx.o
 .debug_abbrev  0x00001c7f       0x12 startup/startup_stm32f746xx.o

.debug_loc      0x00000000     0x7979
 .debug_loc     0x00000000       0x6a Drivers/STM32F7xx_HAL_Driver/Src/stm32f7xx_hal.o
 .debug_loc     0x0000006a      0x53a Drivers/STM32F7xx_HAL_Driver/Src/stm32f7xx_hal_cortex.o
 .debug_loc     0x000005a4      0x38f Drivers/STM32F7xx_HAL_Driver/Src/stm32f7xx_hal_gpio.o
 .debug_loc     0x00000933      0x665 Drivers/STM32F7xx_HAL_Driver/Src/stm32f7xx_hal_rcc.o
 .debug_loc     0x00000f98      0x941 Drivers/STM32F7xx_HAL_Driver/Src/stm32f7xx_hal_rcc_ex.o
 .debug_loc     0x000018d9     0x33d5 Drivers/STM32F7xx_HAL_Driver/Src/stm32f7xx_hal_tim.o
 .debug_loc     0x00004cae     0x1695 Drivers/STM32F7xx_HAL_Driver/Src/stm32f7xx_hal_tim_ex.o
 .debug_loc     0x00006343     0x148b Drivers/STM32F7xx_HAL_Driver/Src/stm32f7xx_hal_uart.o
 .debug_loc     0x000077ce       0x79 Src/stm32f7xx_hal_msp.o
 .debug_loc     0x00007847      0x132 Src/system_stm32f7xx.o

.debug_aranges  0x00000000      0xb20
 .debug_aranges
                0x00000000       0xd0 Drivers/STM32F7xx_HAL_Driver/Src/stm32f7xx_hal.o
 .debug_aranges
                0x000000d0       0xa8 Drivers/STM32F7xx_HAL_Driver/Src/stm32f7xx_hal_cortex.o
 .debug_aranges
                0x00000178       0x58 Drivers/STM32F7xx_HAL_Driver/Src/stm32f7xx_hal_gpio.o
 .debug_aranges
                0x000001d0       0x88 Drivers/STM32F7xx_HAL_Driver/Src/stm32f7xx_hal_rcc.o
 .debug_aranges
                0x00000258       0x30 Drivers/STM32F7xx_HAL_Driver/Src/stm32f7xx_hal_rcc_ex.o
 .debug_aranges
                0x00000288      0x368 Drivers/STM32F7xx_HAL_Driver/Src/stm32f7xx_hal_tim.o
 .debug_aranges
                0x000005f0      0x170 Drivers/STM32F7xx_HAL_Driver/Src/stm32f7xx_hal_tim_ex.o
 .debug_aranges
                0x00000760      0x190 Drivers/STM32F7xx_HAL_Driver/Src/stm32f7xx_hal_uart.o
 .debug_aranges
                0x000008f0       0x60 Src/Wheel.o
 .debug_aranges
                0x00000950       0x58 Src/WheelSide.o
 .debug_aranges
                0x000009a8       0x60 Src/main.o
 .debug_aranges
                0x00000a08       0x48 Src/stm32f7xx_hal_msp.o
 .debug_aranges
                0x00000a50       0x80 Src/stm32f7xx_it.o
 .debug_aranges
                0x00000ad0       0x28 Src/system_stm32f7xx.o
 .debug_aranges
                0x00000af8       0x28 startup/startup_stm32f746xx.o

.debug_ranges   0x00000000      0xa38
 .debug_ranges  0x00000000       0xc0 Drivers/STM32F7xx_HAL_Driver/Src/stm32f7xx_hal.o
 .debug_ranges  0x000000c0       0x98 Drivers/STM32F7xx_HAL_Driver/Src/stm32f7xx_hal_cortex.o
 .debug_ranges  0x00000158       0x48 Drivers/STM32F7xx_HAL_Driver/Src/stm32f7xx_hal_gpio.o
 .debug_ranges  0x000001a0       0x78 Drivers/STM32F7xx_HAL_Driver/Src/stm32f7xx_hal_rcc.o
 .debug_ranges  0x00000218       0x20 Drivers/STM32F7xx_HAL_Driver/Src/stm32f7xx_hal_rcc_ex.o
 .debug_ranges  0x00000238      0x358 Drivers/STM32F7xx_HAL_Driver/Src/stm32f7xx_hal_tim.o
 .debug_ranges  0x00000590      0x160 Drivers/STM32F7xx_HAL_Driver/Src/stm32f7xx_hal_tim_ex.o
 .debug_ranges  0x000006f0      0x180 Drivers/STM32F7xx_HAL_Driver/Src/stm32f7xx_hal_uart.o
 .debug_ranges  0x00000870       0x50 Src/Wheel.o
 .debug_ranges  0x000008c0       0x48 Src/WheelSide.o
 .debug_ranges  0x00000908       0x50 Src/main.o
 .debug_ranges  0x00000958       0x38 Src/stm32f7xx_hal_msp.o
 .debug_ranges  0x00000990       0x70 Src/stm32f7xx_it.o
 .debug_ranges  0x00000a00       0x18 Src/system_stm32f7xx.o
 .debug_ranges  0x00000a18       0x20 startup/startup_stm32f746xx.o

.debug_macro    0x00000000    0x25b57
 .debug_macro   0x00000000      0x349 Drivers/STM32F7xx_HAL_Driver/Src/stm32f7xx_hal.o
 .debug_macro   0x00000349      0x898 Drivers/STM32F7xx_HAL_Driver/Src/stm32f7xx_hal.o
 .debug_macro   0x00000be1      0x100 Drivers/STM32F7xx_HAL_Driver/Src/stm32f7xx_hal.o
 .debug_macro   0x00000ce1      0x17f Drivers/STM32F7xx_HAL_Driver/Src/stm32f7xx_hal.o
 .debug_macro   0x00000e60       0x2e Drivers/STM32F7xx_HAL_Driver/Src/stm32f7xx_hal.o
 .debug_macro   0x00000e8e       0x3b Drivers/STM32F7xx_HAL_Driver/Src/stm32f7xx_hal.o
 .debug_macro   0x00000ec9       0x22 Drivers/STM32F7xx_HAL_Driver/Src/stm32f7xx_hal.o
 .debug_macro   0x00000eeb       0x87 Drivers/STM32F7xx_HAL_Driver/Src/stm32f7xx_hal.o
 .debug_macro   0x00000f72       0x44 Drivers/STM32F7xx_HAL_Driver/Src/stm32f7xx_hal.o
 .debug_macro   0x00000fb6       0xfd Drivers/STM32F7xx_HAL_Driver/Src/stm32f7xx_hal.o
 .debug_macro   0x000010b3       0x5e Drivers/STM32F7xx_HAL_Driver/Src/stm32f7xx_hal.o
 .debug_macro   0x00001111      0x1df Drivers/STM32F7xx_HAL_Driver/Src/stm32f7xx_hal.o
 .debug_macro   0x000012f0       0x35 Drivers/STM32F7xx_HAL_Driver/Src/stm32f7xx_hal.o
 .debug_macro   0x00001325       0x50 Drivers/STM32F7xx_HAL_Driver/Src/stm32f7xx_hal.o
 .debug_macro   0x00001375     0x1114 Drivers/STM32F7xx_HAL_Driver/Src/stm32f7xx_hal.o
 .debug_macro   0x00002489    0x1875c Drivers/STM32F7xx_HAL_Driver/Src/stm32f7xx_hal.o
 .debug_macro   0x0001abe5       0x43 Drivers/STM32F7xx_HAL_Driver/Src/stm32f7xx_hal.o
 .debug_macro   0x0001ac28     0x35c8 Drivers/STM32F7xx_HAL_Driver/Src/stm32f7xx_hal.o
 .debug_macro   0x0001e1f0       0x52 Drivers/STM32F7xx_HAL_Driver/Src/stm32f7xx_hal.o
 .debug_macro   0x0001e242       0x35 Drivers/STM32F7xx_HAL_Driver/Src/stm32f7xx_hal.o
 .debug_macro   0x0001e277       0x9c Drivers/STM32F7xx_HAL_Driver/Src/stm32f7xx_hal.o
 .debug_macro   0x0001e313       0x16 Drivers/STM32F7xx_HAL_Driver/Src/stm32f7xx_hal.o
 .debug_macro   0x0001e329       0x97 Drivers/STM32F7xx_HAL_Driver/Src/stm32f7xx_hal.o
 .debug_macro   0x0001e3c0      0x30d Drivers/STM32F7xx_HAL_Driver/Src/stm32f7xx_hal.o
 .debug_macro   0x0001e6cd       0xfd Drivers/STM32F7xx_HAL_Driver/Src/stm32f7xx_hal.o
 .debug_macro   0x0001e7ca       0x10 Drivers/STM32F7xx_HAL_Driver/Src/stm32f7xx_hal.o
 .debug_macro   0x0001e7da       0x52 Drivers/STM32F7xx_HAL_Driver/Src/stm32f7xx_hal.o
 .debug_macro   0x0001e82c       0x1f Drivers/STM32F7xx_HAL_Driver/Src/stm32f7xx_hal.o
 .debug_macro   0x0001e84b       0x43 Drivers/STM32F7xx_HAL_Driver/Src/stm32f7xx_hal.o
 .debug_macro   0x0001e88e       0x20 Drivers/STM32F7xx_HAL_Driver/Src/stm32f7xx_hal.o
 .debug_macro   0x0001e8ae      0x187 Drivers/STM32F7xx_HAL_Driver/Src/stm32f7xx_hal.o
 .debug_macro   0x0001ea35       0x10 Drivers/STM32F7xx_HAL_Driver/Src/stm32f7xx_hal.o
 .debug_macro   0x0001ea45       0x1c Drivers/STM32F7xx_HAL_Driver/Src/stm32f7xx_hal.o
 .debug_macro   0x0001ea61       0x52 Drivers/STM32F7xx_HAL_Driver/Src/stm32f7xx_hal.o
 .debug_macro   0x0001eab3       0x40 Drivers/STM32F7xx_HAL_Driver/Src/stm32f7xx_hal.o
 .debug_macro   0x0001eaf3       0x10 Drivers/STM32F7xx_HAL_Driver/Src/stm32f7xx_hal.o
 .debug_macro   0x0001eb03       0x40 Drivers/STM32F7xx_HAL_Driver/Src/stm32f7xx_hal.o
 .debug_macro   0x0001eb43       0xd7 Drivers/STM32F7xx_HAL_Driver/Src/stm32f7xx_hal.o
 .debug_macro   0x0001ec1a       0x16 Drivers/STM32F7xx_HAL_Driver/Src/stm32f7xx_hal.o
 .debug_macro   0x0001ec30      0x18b Drivers/STM32F7xx_HAL_Driver/Src/stm32f7xx_hal.o
 .debug_macro   0x0001edbb       0x50 Drivers/STM32F7xx_HAL_Driver/Src/stm32f7xx_hal.o
 .debug_macro   0x0001ee0b     0x18ad Drivers/STM32F7xx_HAL_Driver/Src/stm32f7xx_hal.o
 .debug_macro   0x000206b8      0x6a2 Drivers/STM32F7xx_HAL_Driver/Src/stm32f7xx_hal.o
 .debug_macro   0x00020d5a      0x11e Drivers/STM32F7xx_HAL_Driver/Src/stm32f7xx_hal.o
 .debug_macro   0x00020e78      0x204 Drivers/STM32F7xx_HAL_Driver/Src/stm32f7xx_hal.o
 .debug_macro   0x0002107c       0x27 Drivers/STM32F7xx_HAL_Driver/Src/stm32f7xx_hal.o
 .debug_macro   0x000210a3      0x24f Drivers/STM32F7xx_HAL_Driver/Src/stm32f7xx_hal.o
 .debug_macro   0x000212f2       0x41 Drivers/STM32F7xx_HAL_Driver/Src/stm32f7xx_hal.o
 .debug_macro   0x00021333       0x58 Drivers/STM32F7xx_HAL_Driver/Src/stm32f7xx_hal.o
 .debug_macro   0x0002138b      0x23a Drivers/STM32F7xx_HAL_Driver/Src/stm32f7xx_hal.o
 .debug_macro   0x000215c5      0x156 Drivers/STM32F7xx_HAL_Driver/Src/stm32f7xx_hal.o
 .debug_macro   0x0002171b      0x25d Drivers/STM32F7xx_HAL_Driver/Src/stm32f7xx_hal.o
 .debug_macro   0x00021978       0x12 Drivers/STM32F7xx_HAL_Driver/Src/stm32f7xx_hal.o
 .debug_macro   0x0002198a      0x202 Drivers/STM32F7xx_HAL_Driver/Src/stm32f7xx_hal.o
 .debug_macro   0x00021b8c       0x5a Drivers/STM32F7xx_HAL_Driver/Src/stm32f7xx_hal.o
 .debug_macro   0x00021be6       0x90 Drivers/STM32F7xx_HAL_Driver/Src/stm32f7xx_hal.o
 .debug_macro   0x00021c76      0x133 Drivers/STM32F7xx_HAL_Driver/Src/stm32f7xx_hal.o
 .debug_macro   0x00021da9      0x10c Drivers/STM32F7xx_HAL_Driver/Src/stm32f7xx_hal.o
 .debug_macro   0x00021eb5       0x35 Drivers/STM32F7xx_HAL_Driver/Src/stm32f7xx_hal.o
 .debug_macro   0x00021eea      0x685 Drivers/STM32F7xx_HAL_Driver/Src/stm32f7xx_hal.o
 .debug_macro   0x0002256f      0x256 Drivers/STM32F7xx_HAL_Driver/Src/stm32f7xx_hal.o
 .debug_macro   0x000227c5      0x13f Drivers/STM32F7xx_HAL_Driver/Src/stm32f7xx_hal.o
 .debug_macro   0x00022904      0x4e8 Drivers/STM32F7xx_HAL_Driver/Src/stm32f7xx_hal.o
 .debug_macro   0x00022dec       0x47 Drivers/STM32F7xx_HAL_Driver/Src/stm32f7xx_hal.o
 .debug_macro   0x00022e33      0x14a Drivers/STM32F7xx_HAL_Driver/Src/stm32f7xx_hal.o
 .debug_macro   0x00022f7d      0x325 Drivers/STM32F7xx_HAL_Driver/Src/stm32f7xx_hal_cortex.o
 .debug_macro   0x000232a2      0x35d Drivers/STM32F7xx_HAL_Driver/Src/stm32f7xx_hal_gpio.o
 .debug_macro   0x000235ff      0x349 Drivers/STM32F7xx_HAL_Driver/Src/stm32f7xx_hal_rcc.o
 .debug_macro   0x00023948      0x331 Drivers/STM32F7xx_HAL_Driver/Src/stm32f7xx_hal_rcc_ex.o
 .debug_macro   0x00023c79      0x326 Drivers/STM32F7xx_HAL_Driver/Src/stm32f7xx_hal_tim.o
 .debug_macro   0x00023f9f      0x331 Drivers/STM32F7xx_HAL_Driver/Src/stm32f7xx_hal_tim_ex.o
 .debug_macro   0x000242d0      0x32d Drivers/STM32F7xx_HAL_Driver/Src/stm32f7xx_hal_uart.o
 .debug_macro   0x000245fd      0x351 Src/Wheel.o
 .debug_macro   0x0002494e      0x1da Src/Wheel.o
 .debug_macro   0x00024b28      0x342 Src/WheelSide.o
 .debug_macro   0x00024e6a      0x367 Src/main.o
 .debug_macro   0x000251d1       0x16 Src/main.o
 .debug_macro   0x000251e7      0x325 Src/stm32f7xx_hal_msp.o
 .debug_macro   0x0002550c      0x32f Src/stm32f7xx_it.o
 .debug_macro   0x0002583b      0x31c Src/system_stm32f7xx.o

.debug_line     0x00000000     0xa5fb
 .debug_line    0x00000000      0xa15 Drivers/STM32F7xx_HAL_Driver/Src/stm32f7xx_hal.o
 .debug_line    0x00000a15      0xa7b Drivers/STM32F7xx_HAL_Driver/Src/stm32f7xx_hal_cortex.o
 .debug_line    0x00001490      0x9fb Drivers/STM32F7xx_HAL_Driver/Src/stm32f7xx_hal_gpio.o
 .debug_line    0x00001e8b      0xbaf Drivers/STM32F7xx_HAL_Driver/Src/stm32f7xx_hal_rcc.o
 .debug_line    0x00002a3a      0xc34 Drivers/STM32F7xx_HAL_Driver/Src/stm32f7xx_hal_rcc_ex.o
 .debug_line    0x0000366e     0x1706 Drivers/STM32F7xx_HAL_Driver/Src/stm32f7xx_hal_tim.o
 .debug_line    0x00004d74      0xf26 Drivers/STM32F7xx_HAL_Driver/Src/stm32f7xx_hal_tim_ex.o
 .debug_line    0x00005c9a     0x11be Drivers/STM32F7xx_HAL_Driver/Src/stm32f7xx_hal_uart.o
 .debug_line    0x00006e58      0x97c Src/Wheel.o
 .debug_line    0x000077d4      0x911 Src/WheelSide.o
 .debug_line    0x000080e5      0x9e0 Src/main.o
 .debug_line    0x00008ac5      0x8f0 Src/stm32f7xx_hal_msp.o
 .debug_line    0x000093b5      0x944 Src/stm32f7xx_it.o
 .debug_line    0x00009cf9      0x883 Src/system_stm32f7xx.o
 .debug_line    0x0000a57c       0x7f startup/startup_stm32f746xx.o

.debug_str      0x00000000    0xe5c44
 .debug_str     0x00000000    0xe1b33 Drivers/STM32F7xx_HAL_Driver/Src/stm32f7xx_hal.o
                              0xe1f19 (size before relaxing)
 .debug_str     0x000e1b33      0x464 Drivers/STM32F7xx_HAL_Driver/Src/stm32f7xx_hal_cortex.o
                              0xe1fdb (size before relaxing)
 .debug_str     0x000e1f97      0x298 Drivers/STM32F7xx_HAL_Driver/Src/stm32f7xx_hal_gpio.o
                              0xe1868 (size before relaxing)
 .debug_str     0x000e222f      0x37c Drivers/STM32F7xx_HAL_Driver/Src/stm32f7xx_hal_rcc.o
                              0xe19f5 (size before relaxing)
 .debug_str     0x000e25ab      0x321 Drivers/STM32F7xx_HAL_Driver/Src/stm32f7xx_hal_rcc_ex.o
                              0xe1915 (size before relaxing)
 .debug_str     0x000e28cc      0xffc Drivers/STM32F7xx_HAL_Driver/Src/stm32f7xx_hal_tim.o
                              0xe2603 (size before relaxing)
 .debug_str     0x000e38c8      0x590 Drivers/STM32F7xx_HAL_Driver/Src/stm32f7xx_hal_tim_ex.o
                              0xe20b2 (size before relaxing)
 .debug_str     0x000e3e58      0x7da Drivers/STM32F7xx_HAL_Driver/Src/stm32f7xx_hal_uart.o
                              0xe20d6 (size before relaxing)
 .debug_str     0x000e4632      0xf74 Src/Wheel.o
                              0xe2538 (size before relaxing)
 .debug_str     0x000e55a6      0x167 Src/WheelSide.o
                              0xe1681 (size before relaxing)
 .debug_str     0x000e570d      0x3a2 Src/main.o
                              0xe2cd3 (size before relaxing)
 .debug_str     0x000e5aaf       0x39 Src/stm32f7xx_hal_msp.o
                              0xe22b7 (size before relaxing)
 .debug_str     0x000e5ae8      0x102 Src/stm32f7xx_it.o
                              0xe1518 (size before relaxing)
 .debug_str     0x000e5bea       0x5a Src/system_stm32f7xx.o
                              0xe059e (size before relaxing)

.comment        0x00000000       0x6e
 .comment       0x00000000       0x6e Drivers/STM32F7xx_HAL_Driver/Src/stm32f7xx_hal.o
                                 0x6f (size before relaxing)
 .comment       0x0000006e       0x6f Drivers/STM32F7xx_HAL_Driver/Src/stm32f7xx_hal_cortex.o
 .comment       0x0000006e       0x6f Drivers/STM32F7xx_HAL_Driver/Src/stm32f7xx_hal_gpio.o
 .comment       0x0000006e       0x6f Drivers/STM32F7xx_HAL_Driver/Src/stm32f7xx_hal_rcc.o
 .comment       0x0000006e       0x6f Drivers/STM32F7xx_HAL_Driver/Src/stm32f7xx_hal_rcc_ex.o
 .comment       0x0000006e       0x6f Drivers/STM32F7xx_HAL_Driver/Src/stm32f7xx_hal_tim.o
 .comment       0x0000006e       0x6f Drivers/STM32F7xx_HAL_Driver/Src/stm32f7xx_hal_tim_ex.o
 .comment       0x0000006e       0x6f Drivers/STM32F7xx_HAL_Driver/Src/stm32f7xx_hal_uart.o
 .comment       0x0000006e       0x6f Src/Wheel.o
 .comment       0x0000006e       0x6f Src/WheelSide.o
 .comment       0x0000006e       0x6f Src/main.o
 .comment       0x0000006e       0x6f Src/stm32f7xx_hal_msp.o
 .comment       0x0000006e       0x6f Src/stm32f7xx_it.o
 .comment       0x0000006e       0x6f Src/system_stm32f7xx.o

.debug_frame    0x00000000     0x1fd8
 .debug_frame   0x00000000      0x1a8 Drivers/STM32F7xx_HAL_Driver/Src/stm32f7xx_hal.o
 .debug_frame   0x000001a8      0x154 Drivers/STM32F7xx_HAL_Driver/Src/stm32f7xx_hal_cortex.o
 .debug_frame   0x000002fc       0xc4 Drivers/STM32F7xx_HAL_Driver/Src/stm32f7xx_hal_gpio.o
 .debug_frame   0x000003c0      0x150 Drivers/STM32F7xx_HAL_Driver/Src/stm32f7xx_hal_rcc.o
 .debug_frame   0x00000510       0x7c Drivers/STM32F7xx_HAL_Driver/Src/stm32f7xx_hal_rcc_ex.o
 .debug_frame   0x0000058c      0x9ec Drivers/STM32F7xx_HAL_Driver/Src/stm32f7xx_hal_tim.o
 .debug_frame   0x00000f78      0x494 Drivers/STM32F7xx_HAL_Driver/Src/stm32f7xx_hal_tim_ex.o
 .debug_frame   0x0000140c      0x488 Drivers/STM32F7xx_HAL_Driver/Src/stm32f7xx_hal_uart.o
 .debug_frame   0x00001894      0x164 Src/Wheel.o
 .debug_frame   0x000019f8      0x154 Src/WheelSide.o
 .debug_frame   0x00001b4c      0x140 Src/main.o
 .debug_frame   0x00001c8c       0xb0 Src/stm32f7xx_hal_msp.o
 .debug_frame   0x00001d3c      0x108 Src/stm32f7xx_it.o
 .debug_frame   0x00001e44       0x3c Src/system_stm32f7xx.o
 .debug_frame   0x00001e80       0x20 c:/ac6/systemworkbench/plugins/fr.ac6.mcu.externaltools.arm-none.win32_1.13.3.201707031232/tools/compiler/bin/../lib/gcc/arm-none-eabi/5.4.1/../../../../arm-none-eabi/lib/armv7e-m/fpu/fpv5-sp-d16\libstdc++_nano.a(atexit_arm.o)
 .debug_frame   0x00001ea0       0x20 c:/ac6/systemworkbench/plugins/fr.ac6.mcu.externaltools.arm-none.win32_1.13.3.201707031232/tools/compiler/bin/../lib/gcc/arm-none-eabi/5.4.1/../../../../arm-none-eabi/lib/armv7e-m/fpu/fpv5-sp-d16\libstdc++_nano.a(del_op.o)
 .debug_frame   0x00001ec0       0x28 c:/ac6/systemworkbench/plugins/fr.ac6.mcu.externaltools.arm-none.win32_1.13.3.201707031232/tools/compiler/bin/../lib/gcc/arm-none-eabi/5.4.1/../../../../arm-none-eabi/lib/armv7e-m/fpu/fpv5-sp-d16\libc_nano.a(lib_a-cxa_atexit.o)
 .debug_frame   0x00001ee8       0x2c c:/ac6/systemworkbench/plugins/fr.ac6.mcu.externaltools.arm-none.win32_1.13.3.201707031232/tools/compiler/bin/../lib/gcc/arm-none-eabi/5.4.1/../../../../arm-none-eabi/lib/armv7e-m/fpu/fpv5-sp-d16\libc_nano.a(lib_a-init.o)
 .debug_frame   0x00001f14       0x30 c:/ac6/systemworkbench/plugins/fr.ac6.mcu.externaltools.arm-none.win32_1.13.3.201707031232/tools/compiler/bin/../lib/gcc/arm-none-eabi/5.4.1/../../../../arm-none-eabi/lib/armv7e-m/fpu/fpv5-sp-d16\libc_nano.a(lib_a-malloc.o)
 .debug_frame   0x00001f44       0x38 c:/ac6/systemworkbench/plugins/fr.ac6.mcu.externaltools.arm-none.win32_1.13.3.201707031232/tools/compiler/bin/../lib/gcc/arm-none-eabi/5.4.1/../../../../arm-none-eabi/lib/armv7e-m/fpu/fpv5-sp-d16\libc_nano.a(lib_a-nano-freer.o)
 .debug_frame   0x00001f7c       0x2c c:/ac6/systemworkbench/plugins/fr.ac6.mcu.externaltools.arm-none.win32_1.13.3.201707031232/tools/compiler/bin/../lib/gcc/arm-none-eabi/5.4.1/../../../../arm-none-eabi/lib/armv7e-m/fpu/fpv5-sp-d16\libc_nano.a(lib_a-nano-mallocr.o)
 .debug_frame   0x00001fa8       0x30 c:/ac6/systemworkbench/plugins/fr.ac6.mcu.externaltools.arm-none.win32_1.13.3.201707031232/tools/compiler/bin/../lib/gcc/arm-none-eabi/5.4.1/../../../../arm-none-eabi/lib/armv7e-m/fpu/fpv5-sp-d16\libc_nano.a(lib_a-mlock.o)
